#-----------------------------------------------------------
# Vivado v2018.3 (64-bit)
# SW Build 2405991 on Thu Dec  6 23:38:27 MST 2018
# IP Build 2404404 on Fri Dec  7 01:43:56 MST 2018
# Start of session at: Mon Apr 10 20:51:29 2023
# Process ID: 18376
# Current directory: E:/Xilinx/zynq/Workspace_Starter_Kit_V2_XC7Z020/Project03_DDR3_TEST
# Command line: vivado.exe -gui_launcher_event rodinguilauncherevent16192 E:\Xilinx\zynq\Workspace_Starter_Kit_V2_XC7Z020\Project03_DDR3_TEST\project_1.xpr
# Log file: E:/Xilinx/zynq/Workspace_Starter_Kit_V2_XC7Z020/Project03_DDR3_TEST/vivado.log
# Journal file: E:/Xilinx/zynq/Workspace_Starter_Kit_V2_XC7Z020/Project03_DDR3_TEST\vivado.jou
#-----------------------------------------------------------
start_gui
open_project E:/Xilinx/zynq/Workspace_Starter_Kit_V2_XC7Z020/Project03_DDR3_TEST/project_1.xpr
update_compile_order -fileset sources_1
file copy -force E:/Xilinx/zynq/Workspace_Starter_Kit_V2_XC7Z020/Project03_DDR3_TEST/project_1.runs/impl_2/design_1_wrapper.sysdef E:/Xilinx/zynq/Workspace_Starter_Kit_V2_XC7Z020/Project03_DDR3_TEST/project_1.sdk/design_1_wrapper.hdf

launch_sdk -workspace E:/Xilinx/zynq/Workspace_Starter_Kit_V2_XC7Z020/Project03_DDR3_TEST/project_1.sdk -hwspec E:/Xilinx/zynq/Workspace_Starter_Kit_V2_XC7Z020/Project03_DDR3_TEST/project_1.sdk/design_1_wrapper.hdf
